BL51 BANKED LINKER/LOCATER V6.22.2.0                                                    11/15/2018  17:40:08  PAGE 1


BL51 BANKED LINKER/LOCATER V6.22.2.0, INVOKED BY:
C:\KEIL_V5\C51\BIN\BL51.EXE .\Objects\STARTUP.obj, .\Objects\PWM_Test.obj TO .\Objects\PWM_Test PRINT (.\Listings\PWM_Te
>> st.m51) RAMSIZE (256)


MEMORY MODEL: SMALL


INPUT MODULES INCLUDED:
  .\Objects\STARTUP.obj (?C_STARTUP)
  .\Objects\PWM_Test.obj (PWM_TEST)
  C:\KEIL_V5\C51\LIB\C51S.LIB (?C_INIT)


LINK MAP OF MODULE:  .\Objects\PWM_Test (?C_STARTUP)


            TYPE    BASE      LENGTH    RELOCATION   SEGMENT NAME
            -----------------------------------------------------

            * * * * * * *   D A T A   M E M O R Y   * * * * * * *
            REG     0000H     0008H     ABSOLUTE     "REG BANK 0"
            DATA    0008H     0006H     UNIT         ?DT?PWM_TEST
            IDATA   000EH     0001H     UNIT         ?STACK

            * * * * * * *   C O D E   M E M O R Y   * * * * * * *
            CODE    0000H     0003H     ABSOLUTE     
                    0003H     0008H                  *** GAP ***
            CODE    000BH     0003H     ABSOLUTE     
            CODE    000EH     008CH     UNIT         ?C_C51STARTUP
            CODE    009AH     003CH     UNIT         ?PR?MAIN?PWM_TEST
            CODE    00D6H     0035H     UNIT         ?PR?TOGGLEPIN?PWM_TEST
            CODE    010BH     0010H     UNIT         ?PR?TIMER0INIT?PWM_TEST
            CODE    011BH     0009H     UNIT         ?PR?DELAY10MS?PWM_TEST
            CODE    0124H     0009H     UNIT         ?C_INITSEG



OVERLAY MAP OF MODULE:   .\Objects\PWM_Test (?C_STARTUP)


SEGMENT
  +--> CALLED SEGMENT
---------------------
?C_C51STARTUP
  +--> ?PR?MAIN?PWM_TEST
  +--> ?C_INITSEG

?PR?MAIN?PWM_TEST
  +--> ?PR?TIMER0INIT?PWM_TEST
  +--> ?PR?DELAY10MS?PWM_TEST



SYMBOL TABLE OF MODULE:  .\Objects\PWM_Test (?C_STARTUP)

  VALUE           TYPE          NAME
  ----------------------------------
BL51 BANKED LINKER/LOCATER V6.22.2.0                                                  11/15/2018  17:40:08  PAGE 2



  -------         MODULE        ?C_STARTUP
  C:000EH         SEGMENT       ?C_C51STARTUP
  I:000EH         SEGMENT       ?STACK
  C:0000H         PUBLIC        ?C_STARTUP
  D:00E0H         SYMBOL        ACC
  D:00F0H         SYMBOL        B
  D:0083H         SYMBOL        DPH
  D:0082H         SYMBOL        DPL
  N:0000H         SYMBOL        IBPSTACK
  N:0100H         SYMBOL        IBPSTACKTOP
  N:0080H         SYMBOL        IDATALEN
  C:0011H         SYMBOL        IDATALOOP
  N:0000H         SYMBOL        PBPSTACK
  N:0100H         SYMBOL        PBPSTACKTOP
  N:0000H         SYMBOL        PDATALEN
  N:0000H         SYMBOL        PDATASTART
  N:0000H         SYMBOL        PPAGE
  N:0000H         SYMBOL        PPAGEENABLE
  D:00A0H         SYMBOL        PPAGE_SFR
  D:0081H         SYMBOL        SP
  C:000EH         SYMBOL        STARTUP1
  N:0000H         SYMBOL        XBPSTACK
  N:0000H         SYMBOL        XBPSTACKTOP
  N:0000H         SYMBOL        XDATALEN
  N:0000H         SYMBOL        XDATASTART
  C:0000H         LINE#         126
  C:000EH         LINE#         133
  C:0010H         LINE#         134
  C:0011H         LINE#         135
  C:0012H         LINE#         136
  C:0014H         LINE#         185
  C:0017H         LINE#         196
  -------         ENDMOD        ?C_STARTUP

  -------         MODULE        PWM_TEST
  C:0000H         SYMBOL        _ICE_DUMMY_
  D:0090H         PUBLIC        P1
  D:00A0H         PUBLIC        P2
  D:00B0H         PUBLIC        P3
  D:0008H         SYMBOL        counter
  B:00A8H.7       PUBLIC        EA
  D:00A8H         PUBLIC        IE
  C:00D6H         PUBLIC        TogglePin
  D:00B8H         PUBLIC        IP
  C:009AH         PUBLIC        main
  D:000AH         SYMBOL        round
  D:0098H         PUBLIC        SCON
  C:011BH         PUBLIC        Delay10ms
  D:0089H         PUBLIC        TMOD
  D:0088H         PUBLIC        TCON
  B:00A8H.1       PUBLIC        ET0
  C:010BH         PUBLIC        Timer0Init
  D:008CH         PUBLIC        TH0
  D:008AH         PUBLIC        TL0
  D:000CH         SYMBOL        threshold
  B:00A0H.0       PUBLIC        LED
BL51 BANKED LINKER/LOCATER V6.22.2.0                                                  11/15/2018  17:40:08  PAGE 3


  B:0088H.4       PUBLIC        TR0
  D:00C8H         PUBLIC        T2CON
  D:00D0H         PUBLIC        PSW
  -------         PROC          TIMER0INIT
  C:010BH         LINE#         11
  C:010BH         LINE#         12
  C:010BH         LINE#         13
  C:010EH         LINE#         14
  C:0111H         LINE#         15
  C:0114H         LINE#         16
  C:0116H         LINE#         17
  C:0118H         LINE#         18
  C:011AH         LINE#         19
  -------         ENDPROC       TIMER0INIT
  -------         PROC          DELAY10MS
  -------         DO            
  D:0007H         SYMBOL        i
  D:0006H         SYMBOL        j
  -------         ENDDO         
  C:011BH         LINE#         21
  C:011BH         LINE#         22
  C:011BH         LINE#         25
  C:011DH         LINE#         26
  C:011FH         LINE#         28
  C:011FH         LINE#         29
  C:0121H         LINE#         30
  C:0123H         LINE#         31
  -------         ENDPROC       DELAY10MS
  -------         PROC          TOGGLEPIN
  C:00D6H         LINE#         34
  C:00DAH         LINE#         36
  C:00DDH         LINE#         37
  C:00E0H         LINE#         38
  C:00E8H         LINE#         39
  C:00F1H         LINE#         40
  C:00F1H         LINE#         41
  C:00F3H         LINE#         42
  C:00F3H         LINE#         44
  C:00FEH         LINE#         45
  C:00FEH         LINE#         46
  C:0100H         LINE#         47
  C:0106H         LINE#         48
  C:0106H         LINE#         49
  -------         ENDPROC       TOGGLEPIN
  -------         PROC          MAIN
  C:009AH         LINE#         51
  C:009AH         LINE#         52
  C:009AH         LINE#         53
  C:009DH         LINE#         54
  C:009FH         LINE#         55
  C:009FH         LINE#         56
  C:009FH         LINE#         58
  C:00A4H         LINE#         59
  C:00B8H         LINE#         60
  C:00C9H         LINE#         61
  -------         ENDPROC       MAIN
  -------         ENDMOD        PWM_TEST
BL51 BANKED LINKER/LOCATER V6.22.2.0                                                  11/15/2018  17:40:08  PAGE 4



Program Size: data=15.0 xdata=0 code=293
LINK/LOCATE RUN COMPLETE.  0 WARNING(S),  0 ERROR(S)
