C51 COMPILER V9.54   LED                                                                   10/26/2018 21:26:25 PAGE 1   


C51 COMPILER V9.54, COMPILATION OF MODULE LED
OBJECT MODULE PLACED IN .\Objects\led.obj
COMPILER INVOKED BY: C:\Keil_v5\C51\BIN\C51.EXE led.c OPTIMIZE(8,SPEED) BROWSE DEBUG OBJECTEXTEND PRINT(.\Listings\led.l
                    -st) OBJECT(.\Objects\led.obj)

line level    source

   1          #include <reg52.h>
   2          #include <intrins.h>
   3          
   4          /* 检测键盘点亮流水灯
   5                  R1C1、2、3、4==>LED1234
   6                  R2C1、2、3、4==>LED5678
   7             连线
   8                  P1==>键盘
   9                  P2==>流水灯
  10                  不使用第三行
  11          */
  12          
  13          //functions
  14          void delayms(unsigned int);
  15          int keyScan();
  16          
  17          
  18          //VARIABLES     
  19          int a,keyNum;
  20          unsigned char num = 0;
  21          unsigned char led;
  22          unsigned char code lightUp[]={
  23                  0xfe,0xfd,0xfb,0xf7,
  24                  0xef,0xdf,0xbf,0x7f};  //一个用来储存小灯状态的数组，eg.“led=lightUp[0]”等价于“led=0xfe”
  25          
  26          void main()
  27          {
  28   1                      
  29   1              
  30   1              led=0xff;       
  31   1              while(1) {
  32   2                      //light up led
  33   2                      P2 = led;
  34   2                      P1 = 0x7f;   //row1 赋低电平
  35   2                      keyNum = keyScan();  //keyNum即为键盘扫出来对应的按键编号
  36   2                      if(keyNum == 0){
  37   3                              P1 = 0xbf;   //row2
  38   3                              keyNum = keyScan();
  39   3      //                      if(keyNum==0){
  40   3      //                              P1=0xdf;   //row3
  41   3      //                              keyNum=keyScan();
  42   3                                      if(keyNum == 0){
  43   4                                              P1=0xef;   //row4
  44   4                                              keyNum=keyScan();
  45   4                                      }
  46   3                              
  47   3                      }
  48   2                      keyNum=(keyNum-1)%8;   //这一步的目的是让按键编号与小灯编号对应
  49   2                      if((keyNum<=7)&&(keyNum>=0)){
  50   3                              led=lightUp[keyNum];    
  51   3                              //delayms(100);
  52   3                      }
  53   2                      
  54   2              }
C51 COMPILER V9.54   LED                                                                   10/26/2018 21:26:25 PAGE 2   

  55   1                      
  56   1              
  57   1      }
  58          void delayms(unsigned int xms)
  59          {
  60   1              unsigned int i,j;
  61   1              for(i=0;i<xms;i++)
  62   1              {
  63   2                      for(j=0;j<110;j++);
  64   2              }
  65   1      }
  66          
  67          
  68          int keyScan(){
  69   1              int key=0;
  70   1              unsigned char temp;
  71   1              temp=P1&0x0f;
  72   1              if(temp!=0x0f){                  //temp==0x0f indicates all four columns are low level
  73   2                      delayms(10);
  74   2                      temp=P1&0x0f;
  75   2                      if(temp!=0x0f){
  76   3                              temp=P1;
  77   3                              //LED=0;   //LIT LED
  78   3                              switch(temp){
  79   4                                      case 0x77:          //search low level column in row1
  80   4                                              key=1;
  81   4                                              break;
  82   4                                      case 0x7b:
  83   4                                              key=2;
  84   4                                              break;
  85   4                                      case 0x7d:
  86   4                                              key=3;
  87   4                                              break;
  88   4                                      case 0x7e:
  89   4                                              key=4;
  90   4                                              break;
  91   4                                      case 0xb7:          //row2
  92   4                                              key=5;
  93   4                                              break;
  94   4                                      case 0xbb:
  95   4                                              key=6;
  96   4                                              break;
  97   4                                      case 0xbd:
  98   4                                              key=7;
  99   4                                              break;
 100   4                                      case 0xbe:
 101   4                                              key=8;
 102   4                                              break;
 103   4                                      case 0xd7:          //row3
 104   4                                              key=9;
 105   4                                              break;
 106   4                                      case 0xdb:
 107   4                                              key=10;
 108   4                                              break;
 109   4                                      case 0xdd:
 110   4                                              key=11;
 111   4                                              break;
 112   4                                      case 0xde:
 113   4                                              key=12;
 114   4                                              break;
 115   4                                      case 0xe7:          //row4
 116   4                                              key=13;
C51 COMPILER V9.54   LED                                                                   10/26/2018 21:26:25 PAGE 3   

 117   4                                              break;
 118   4                                      case 0xeb:
 119   4                                              key=14;
 120   4                                              break;
 121   4                                      case 0xed:
 122   4                                              key=15;
 123   4                                              break;
 124   4                                      case 0xee:
 125   4                                              key=16;
 126   4                                              break;
 127   4                              }
 128   3                      }
 129   2                      while(temp!=0x0f){          //wait till release
 130   3                              temp=P1;
 131   3                              temp=temp&0x0f;
 132   3                      }
 133   2              }
 134   1              return key;
 135   1      }


MODULE INFORMATION:   STATIC OVERLAYABLE
   CODE SIZE        =    384    ----
   CONSTANT SIZE    =      8    ----
   XDATA SIZE       =   ----    ----
   PDATA SIZE       =   ----    ----
   DATA SIZE        =      6       3
   IDATA SIZE       =   ----    ----
   BIT SIZE         =   ----    ----
END OF MODULE INFORMATION.


C51 COMPILATION COMPLETE.  0 WARNING(S),  0 ERROR(S)
